export type FakeDto = {
    other_dto_array: Array<{%Spatie\LaravelTypescriptTransformer\Tests\FakeClasses\Dto\OtherDto%}>;
    other_dto_collection: {%Spatie\TypescriptTransformer\Tests\FakeClasses\Integration\OtherDtoCollection%};
    non_typed_laravel_collection: Array<any>;
    other_dto_laravel_collection: Array<{%Spatie\LaravelTypescriptTransformer\Tests\FakeClasses\Dto\OtherDto%}>;
    other_dto_laravel_eloquent_collection: Array<{%Spatie\LaravelTypescriptTransformer\Tests\FakeClasses\Dto\OtherDto%}>;
}
